// Jest Snapshot v1, https://goo.gl/fbAQLP

exports[`DefaultCognitoRequestBuilder buildAuthorizeRequest 1`] = `"https://mock-cognito-domain.auth.us-east-1.amazoncognito.com/authorize?client_id=123456789qwertyuiop987abcd&redirect_uri=https://mock.cloudfront.net&response_type=code&state=/"`;
